   Γû▓ Next.js 15.4.10
   - Environments: .env

   Creating an optimized production build ...
 Γ£ô (pwa) Compiling for server...
 Γ£ô (pwa) Compiling for server...
 Γ£ô (pwa) Compiling for client (static)...
 Γùï (pwa) Service worker: C:\Users\hrish\Desktop\FitLedger\Fit-Ledger\public\sw.js
 Γùï (pwa)   URL: /sw.js
 Γùï (pwa)   Scope: /
 Γùï (pwa) This app will fallback to these precached routes when fetching from the cache and the network fails:
 Γùï (pwa)   Documents (pages): /~offline
 Γ£ô Compiled successfully in 22.0s
   Linting and checking validity of types ...

./src/app/(frontend)/exercises/[id]/page.tsx
11:3  Warning: 'Toolbar' is defined but never used. Allowed unused vars must match /^_/u.  @typescript-eslint/no-unused-vars
12:3  Warning: 'IconButton' is defined but never used. Allowed unused vars must match /^_/u.  @typescript-eslint/no-unused-vars
21:10  Warning: 'ArrowBack' is defined but never used. Allowed unused vars must match /^_/u.  @typescript-eslint/no-unused-vars
195:21  Warning: Unexpected any. Specify a different type.  @typescript-eslint/no-explicit-any

./src/app/(frontend)/history/[id]/page.tsx
6:56  Warning: 'Exercise' is defined but never used. Allowed unused vars must match /^_/u.  @typescript-eslint/no-unused-vars
27:3  Warning: 'Stack' is defined but never used. Allowed unused vars must match /^_/u.  @typescript-eslint/no-unused-vars
213:6  Warning: React Hook useEffect has a missing dependency: 'user'. Either include it or remove the dependency array.  react-hooks/exhaustive-deps

./src/app/(frontend)/login/page.tsx
36:19  Warning: Unexpected any. Specify a different type.  @typescript-eslint/no-explicit-any

./src/app/(frontend)/profile/page.tsx
4:10  Warning: 'useRouter' is defined but never used. Allowed unused vars must match /^_/u.  @typescript-eslint/no-unused-vars

./src/app/(frontend)/routines/new/page.tsx
36:10  Warning: 'useWorkoutSession' is defined but never used. Allowed unused vars must match /^_/u.  @typescript-eslint/no-unused-vars
343:19  Warning: Unexpected any. Specify a different type.  @typescript-eslint/no-explicit-any

./src/app/(frontend)/routines/page.tsx
7:15  Warning: 'Routine' is defined but never used. Allowed unused vars must match /^_/u.  @typescript-eslint/no-unused-vars
7:24  Warning: 'RoutineExercise' is defined but never used. Allowed unused vars must match /^_/u.  @typescript-eslint/no-unused-vars
10:3  Warning: 'Container' is defined but never used. Allowed unused vars must match /^_/u.  @typescript-eslint/no-unused-vars
14:3  Warning: 'Toolbar' is defined but never used. Allowed unused vars must match /^_/u.  @typescript-eslint/no-unused-vars
21:3  Warning: 'IconButton' is defined but never used. Allowed unused vars must match /^_/u.  @typescript-eslint/no-unused-vars
27:3  Warning: 'PlayArrow' is defined but never used. Allowed unused vars must match /^_/u.  @typescript-eslint/no-unused-vars
28:3  Warning: 'FormatListBulleted' is defined but never used. Allowed unused vars must match /^_/u.  @typescript-eslint/no-unused-vars
29:3  Warning: 'History' is defined but never used. Allowed unused vars must match /^_/u.  @typescript-eslint/no-unused-vars
30:3  Warning: 'Edit' is defined but never used. Allowed unused vars must match /^_/u.  @typescript-eslint/no-unused-vars
78:21  Warning: Unexpected any. Specify a different type.  @typescript-eslint/no-explicit-any
87:6  Warning: React Hook useEffect has a missing dependency: 'user'. Either include it or remove the dependency array.  react-hooks/exhaustive-deps
89:42  Warning: 'routineName' is defined but never used. Allowed unused args must match /^_/u.  @typescript-eslint/no-unused-vars
96:13  Warning: 'response' is assigned a value but never used. Allowed unused vars must match /^_/u.  @typescript-eslint/no-unused-vars
109:19  Warning: Unexpected any. Specify a different type.  @typescript-eslint/no-explicit-any

./src/app/(frontend)/routines/[id]/edit/page.tsx
12:3  Warning: 'AppBar' is defined but never used. Allowed unused vars must match /^_/u.  @typescript-eslint/no-unused-vars
13:3  Warning: 'Toolbar' is defined but never used. Allowed unused vars must match /^_/u.  @typescript-eslint/no-unused-vars
44:3  Warning: 'ArrowBack' is defined but never used. Allowed unused vars must match /^_/u.  @typescript-eslint/no-unused-vars
163:21  Warning: 'isWorkoutActive' is assigned a value but never used. Allowed unused vars must match /^_/u.  @typescript-eslint/no-unused-vars
190:9  Warning: 'fetchExercises' is assigned a value but never used. Allowed unused vars must match /^_/u.  @typescript-eslint/no-unused-vars
194:19  Warning: Unexpected any. Specify a different type.  @typescript-eslint/no-explicit-any
221:74  Warning: Unexpected any. Specify a different type.  @typescript-eslint/no-explicit-any
226:33  Warning: Unexpected any. Specify a different type.  @typescript-eslint/no-explicit-any
236:19  Warning: Unexpected any. Specify a different type.  @typescript-eslint/no-explicit-any
402:19  Warning: Unexpected any. Specify a different type.  @typescript-eslint/no-explicit-any
456:9  Warning: 'appBarHeight' is assigned a value but never used. Allowed unused vars must match /^_/u.  @typescript-eslint/no-unused-vars
494:19  Warning: Unexpected any. Specify a different type.  @typescript-eslint/no-explicit-any

./src/app/(frontend)/routines/[id]/page.tsx
15:3  Warning: 'AppBar' is defined but never used. Allowed unused vars must match /^_/u.  @typescript-eslint/no-unused-vars
16:3  Warning: 'Toolbar' is defined but never used. Allowed unused vars must match /^_/u.  @typescript-eslint/no-unused-vars
37:3  Warning: 'ArrowBack' is defined but never used. Allowed unused vars must match /^_/u.  @typescript-eslint/no-unused-vars
143:21  Warning: Unexpected any. Specify a different type.  @typescript-eslint/no-explicit-any
152:6  Warning: React Hook useEffect has missing dependencies: 'preferredUnit' and 'user'. Either include them or remove the dependency array.  react-hooks/exhaustive-deps

./src/app/(frontend)/signup/page.tsx
64:19  Warning: Unexpected any. Specify a different type.  @typescript-eslint/no-explicit-any

./src/app/(frontend)/workout/page.tsx
10:3  Warning: 'AppBar' is defined but never used. Allowed unused vars must match /^_/u.  @typescript-eslint/no-unused-vars
11:3  Warning: 'Toolbar' is defined but never used. Allowed unused vars must match /^_/u.  @typescript-eslint/no-unused-vars
32:3  Warning: 'ArrowBack' is defined but never used. Allowed unused vars must match /^_/u.  @typescript-eslint/no-unused-vars
43:34  Warning: 'saveWorkout' is defined but never used. Allowed unused vars must match /^_/u.  @typescript-eslint/no-unused-vars
45:8  Warning: 'apiFetch' is defined but never used. Allowed unused vars must match /^_/u.  @typescript-eslint/no-unused-vars
46:16  Warning: 'fromKg' is defined but never used. Allowed unused vars must match /^_/u.  @typescript-eslint/no-unused-vars
118:10  Warning: 'completedSetKey' is assigned a value but never used. Allowed unused elements of array destructuring must match /^_/u.  @typescript-eslint/no-unused-vars
125:10  Warning: 'isSaving' is assigned a value but never used. Allowed unused elements of array destructuring must match /^_/u.  @typescript-eslint/no-unused-vars
142:6  Warning: React Hook useEffect has a missing dependency: 'session'. Either include it or remove the dependency array.  react-hooks/exhaustive-deps
187:62  Warning: Unexpected any. Specify a different type.  @typescript-eslint/no-explicit-any
206:66  Warning: Unexpected any. Specify a different type.  @typescript-eslint/no-explicit-any
211:78  Warning: Unexpected any. Specify a different type.  @typescript-eslint/no-explicit-any
213:35  Warning: Unexpected any. Specify a different type.  @typescript-eslint/no-explicit-any
246:6  Warning: React Hook useEffect has missing dependencies: 'searchParams', 'session', 'showSnackbar', and 'user'. Either include them or remove the dependency array.  react-hooks/exhaustive-deps
721:35  Warning: 'e' is defined but never used. Allowed unused args must match /^_/u.  @typescript-eslint/no-unused-vars

./src/app/(frontend)/workout/summary/page.tsx
38:50  Warning: Unexpected any. Specify a different type.  @typescript-eslint/no-explicit-any
93:68  Warning: Unexpected any. Specify a different type.  @typescript-eslint/no-explicit-any
95:34  Warning: Unexpected any. Specify a different type.  @typescript-eslint/no-explicit-any
101:34  Warning: Unexpected any. Specify a different type.  @typescript-eslint/no-explicit-any
107:63  Warning: Unexpected any. Specify a different type.  @typescript-eslint/no-explicit-any
119:62  Warning: Unexpected any. Specify a different type.  @typescript-eslint/no-explicit-any
119:71  Warning: Unexpected any. Specify a different type.  @typescript-eslint/no-explicit-any

./src/app/api/custom/exercises/route.ts
42:36  Warning: Unexpected any. Specify a different type.  @typescript-eslint/no-explicit-any
55:27  Warning: 'req' is defined but never used. Allowed unused args must match /^_/u.  @typescript-eslint/no-unused-vars

./src/app/api/custom/exercises/[id]/history/route.ts
108:51  Warning: Unexpected any. Specify a different type.  @typescript-eslint/no-explicit-any

./src/app/api/custom/history/route.ts
28:18  Warning: Unexpected any. Specify a different type.  @typescript-eslint/no-explicit-any

./src/app/api/custom/routines/route.ts
106:41  Warning: Unexpected any. Specify a different type.  @typescript-eslint/no-explicit-any
114:46  Warning: Unexpected any. Specify a different type.  @typescript-eslint/no-explicit-any
191:19  Warning: Unexpected any. Specify a different type.  @typescript-eslint/no-explicit-any

./src/app/api/custom/routines/[id]/save/route.ts
49:29  Warning: Unexpected any. Specify a different type.  @typescript-eslint/no-explicit-any
50:33  Warning: Unexpected any. Specify a different type.  @typescript-eslint/no-explicit-any
66:37  Warning: Unexpected any. Specify a different type.  @typescript-eslint/no-explicit-any
116:52  Warning: Unexpected any. Specify a different type.  @typescript-eslint/no-explicit-any
145:24  Warning: Unexpected any. Specify a different type.  @typescript-eslint/no-explicit-any
192:19  Warning: Unexpected any. Specify a different type.  @typescript-eslint/no-explicit-any

./src/app/api/custom/workouts/start/route.ts
118:35  Warning: Unexpected any. Specify a different type.  @typescript-eslint/no-explicit-any

./src/components/FloatingWorkoutBar.tsx
29:5  Warning: 'exercises' is assigned a value but never used. Allowed unused vars must match /^_/u.  @typescript-eslint/no-unused-vars
30:5  Warning: 'currentExerciseIndex' is assigned a value but never used. Allowed unused vars must match /^_/u.  @typescript-eslint/no-unused-vars

./src/components/routines/AddCustomExerciseDialog.tsx
118:19  Warning: Unexpected any. Specify a different type.  @typescript-eslint/no-explicit-any

./src/components/routines/RoutineEditor.tsx
11:3  Warning: 'AppBar' is defined but never used. Allowed unused vars must match /^_/u.  @typescript-eslint/no-unused-vars
12:3  Warning: 'Toolbar' is defined but never used. Allowed unused vars must match /^_/u.  @typescript-eslint/no-unused-vars
16:3  Warning: 'CardContent' is defined but never used. Allowed unused vars must match /^_/u.  @typescript-eslint/no-unused-vars
40:3  Warning: 'ArrowBack' is defined but never used. Allowed unused vars must match /^_/u.  @typescript-eslint/no-unused-vars
98:10  Warning: 'SortableExerciseItem' is defined but never used. Allowed unused vars must match /^_/u.  @typescript-eslint/no-unused-vars
173:64  Warning: Unexpected any. Specify a different type.  @typescript-eslint/no-explicit-any
191:51  Warning: Unexpected any. Specify a different type.  @typescript-eslint/no-explicit-any
218:62  Warning: Unexpected any. Specify a different type.  @typescript-eslint/no-explicit-any
219:21  Warning: Unexpected any. Specify a different type.  @typescript-eslint/no-explicit-any
234:62  Warning: Unexpected any. Specify a different type.  @typescript-eslint/no-explicit-any
237:17  Warning: Unexpected any. Specify a different type.  @typescript-eslint/no-explicit-any
241:21  Warning: Unexpected any. Specify a different type.  @typescript-eslint/no-explicit-any
241:29  Warning: Unexpected any. Specify a different type.  @typescript-eslint/no-explicit-any
251:38  Warning: Unexpected any. Specify a different type.  @typescript-eslint/no-explicit-any
312:40  Warning: Unexpected any. Specify a different type.  @typescript-eslint/no-explicit-any
439:14  Warning: 'error' is defined but never used. Allowed unused caught errors must match /^(_|ignore)/u.  @typescript-eslint/no-unused-vars
481:9  Warning: 'appBarHeight' is assigned a value but never used. Allowed unused vars must match /^_/u.  @typescript-eslint/no-unused-vars
628:47  Warning: 'index' is defined but never used. Allowed unused args must match /^_/u.  @typescript-eslint/no-unused-vars

./src/contexts/AuthContext.tsx
12:17  Warning: Unexpected any. Specify a different type.  @typescript-eslint/no-explicit-any
38:14  Warning: 'error' is defined but never used. Allowed unused caught errors must match /^(_|ignore)/u.  @typescript-eslint/no-unused-vars
54:37  Warning: Unexpected any. Specify a different type.  @typescript-eslint/no-explicit-any

./src/lib/api/client.ts
3:9  Warning: Unexpected any. Specify a different type.  @typescript-eslint/no-explicit-any
5:37  Warning: Unexpected any. Specify a different type.  @typescript-eslint/no-explicit-any
17:29  Warning: Unexpected any. Specify a different type.  @typescript-eslint/no-explicit-any

./src/lib/api/routines.ts
2:15  Warning: 'Exercise' is defined but never used. Allowed unused vars must match /^_/u.  @typescript-eslint/no-unused-vars

./src/lib/api/workout.ts
174:44  Warning: Unexpected any. Specify a different type.  @typescript-eslint/no-explicit-any

./src/lib/offline/cache-manager.ts
29:15  Warning: Unexpected any. Specify a different type.  @typescript-eslint/no-explicit-any
51:15  Warning: Unexpected any. Specify a different type.  @typescript-eslint/no-explicit-any
59:47  Warning: Unexpected any. Specify a different type.  @typescript-eslint/no-explicit-any
62:39  Warning: Unexpected any. Specify a different type.  @typescript-eslint/no-explicit-any

./src/lib/payload.ts
5:25  Warning: Unexpected any. Specify a different type.  @typescript-eslint/no-explicit-any
8:23  Warning: Unexpected any. Specify a different type.  @typescript-eslint/no-explicit-any

./src/migrations/20260215_150300.ts
3:32  Warning: 'payload' is defined but never used. Allowed unused args must match /^_/u.  @typescript-eslint/no-unused-vars
3:41  Warning: 'req' is defined but never used. Allowed unused args must match /^_/u.  @typescript-eslint/no-unused-vars
306:34  Warning: 'payload' is defined but never used. Allowed unused args must match /^_/u.  @typescript-eslint/no-unused-vars
306:43  Warning: 'req' is defined but never used. Allowed unused args must match /^_/u.  @typescript-eslint/no-unused-vars

./src/theme/components/MuiChip.ts
30:19  Warning: 'theme' is defined but never used. Allowed unused args must match /^_/u.  @typescript-eslint/no-unused-vars
36:14  Warning: 'theme' is defined but never used. Allowed unused args must match /^_/u.  @typescript-eslint/no-unused-vars
40:20  Warning: 'theme' is defined but never used. Allowed unused args must match /^_/u.  @typescript-eslint/no-unused-vars

./src/theme/components/MuiPaper.ts
8:14  Warning: 'theme' is defined but never used. Allowed unused args must match /^_/u.  @typescript-eslint/no-unused-vars

info  - Need to disable some ESLint rules? Learn more here: https://nextjs.org/docs/app/api-reference/config/eslint#disabling-rules
node.exe : Failed to compile.
At C:\Program 
Files\nodejs\npx.ps1:29 char:3
+   & $NODE_EXE $NPX_CLI_JS 
$args
+   
~~~~~~~~~~~~~~~~~~~~~~~~~~~~~
    + CategoryInfo          : N 
   otSpecified: (Failed to com  
  pile.:String) [], RemoteExc   
 eption
    + FullyQualifiedErrorId : N 
   ativeCommandError
 

./src/app/api/custom/routines/[i
d]/route.ts:107:17
Type error: This comparison 
appears to be unintentional 
because the types '"working"' 
and '"failure"' have no overlap.

[0m [90m 105 |[39m           
  [33m:[39m [36mset[39m[33m
.[39msetLabel [33m===[39m 
[32m'drop'[39m
 [90m 106 |[39m               
[33m?[39m [32m'D'[39m
[31m[1m>[22m[39m[90m 107 
|[39m               
[33m:[39m [36mset[39m[33m.
[39msetLabel [33m===[39m 
[32m'failure'[39m
 [90m     |[39m               
  [31m[1m^[22m[39m
 [90m 108 |[39m               
  [33m?[39m [32m'F'[39m
 [90m 109 |[39m               
  [33m:[39m 
[32m'N'[39m[33m,[39m
 [90m 110 |[39m         
weight[33m:[39m [33mString[3
9m([36mset[39m[33m.[39mweigh
t)[33m,[39m[0m
Next.js build worker exited 
with code: 1 and signal: null
